     1
     2           		                include "params.inc"
     1            00 16	ADDTHRESH   equ   22
     2            00 FF	M1          equ   255
     3            00 FF	M2          equ   255
     4
     3
     4            04 00	                org     0400h
     5
     6
     7  7    0400 1E FF	                mvi     e, M1
     8  7    0402 16 FF	                mvi     d, M2
     9 17    0404 CD 42 04	                call    mltalg3
    10  7    0407 76		                hlt
    11
    12
    13       			;
    14       			;  If E = (1 + 1 + … + 1), then
    15       			;  D * E = D * (1 + 1 + … + 1)
    16       			;        = D + D + … + D
    17       			;
    18       			; The 8-bit multiplier and multiplicand are in
    19       			; registers D and E.  On exit, the pair DE
    20       			; has the (possibly) 16-bit product.
    21       			;
    22 11    0408 C5		mltalg1:        push        bc          ; we'll clobber BC and HL
    23 11    0409 E5		                push        hl
    24  7    040A 26 00	                mvi         h, 0h       ; HL <- 0000h
    25  7    040C 2E 00	                mvi         l, 0h
    26  5    040E 42		                mov         b, d        ; use B as our loop counter
    27       			                                        ; holding D...
    28  7    040F 16 00	                mvi         d, 0h       ; ..and zero-out the MSB of
    29       			                                        ; DE
    30  5    0411 04		                inr         b           ; we can only catch multiply
    31       			                                        ; by zero if we force a test
    32  5    0412 05		mltalg1_1:      dcr         b           ; of B == 0 by incrementing
    33       			                                        ; then decrementing
    34 10    0413 CA 1A 04	                jz          mltalg1_2   ; B == 0, all done
    35 10    0416 19		                dad         de          ; HL += DE
    36 10    0417 C3 12 04	                jmp         mltalg1_1   ; next iteration
    37  4    041A EB		mltalg1_2:      xchg                    ; DE <=> HL
    38 10    041B E1		                pop         hl          ; restore clobbered registers
    39 10    041C C1		                pop         bc          ; and return with the product
    40 10    041D C9		                ret                     ; in DE
    41
    42
    43       			;
    44       			;  D * E = D * Sum(i=0…7, E_i * 2^i)
    45       			;        = Sum(i=0…7, E_i * D * 2^i)
    46       			;        = Sum(i=0…7, E_i * (D << i))
    47       			; Since E_i will be 0/1, the multiplication
    48       			; is a sum of shifted copies of the multiplier.
    49       			;
    50       			; The 8-bit multiplier and multiplicand are in
    51       			; registers D and E.  On exit, the pair DE
    52       			; has the (possibly) 16-bit product.
    53       			;
    54 11    041E F5		mltalg2:        push        psw         ; we'll clobber all registers
    55 11    041F C5		                push        bc
    56 11    0420 E5		                push        hl
    57  7    0421 26 00	                mvi         h, 0h       ; HL <- 0000h
    58  7    0423 2E 00	                mvi         l, 0h
    59  7    0425 06 00	                mvi         b, 0h       ; load the multiplicand, E, into BC
    60  5    0427 4B		                mov         c, e
    61  5    0428 7A		                mov         a, d        ; move the multiplier, D, to A
    62  7    0429 16 08	                mvi         d, 8        ; now use D as our loop counter
    63  4    042B 1F		mltalg2_1:      rar                     ; A >> 1 -> carry
    64 10    042C D2 30 04	                jnc         mltalg2_2   ; do not add this factor
    65 10    042F 09		                dad         bc          ; HL += BC
    66 11    0430 F5		mltalg2_2:      push        psw         ; save A
    67  4    0431 AF		                xra         a           ; clear carry
    68  5    0432 79		                mov         a, c
    69  4    0433 17		                ral                     ; carry <- c << 1
    70  5    0434 4F		                mov         c, a
    71  5    0435 78		                mov         a, b
    72  4    0436 17		                ral                     ; b << 1 <- carry
    73  5    0437 47		                mov         b, a        ; thus, BC = BC * 2
    74 10    0438 F1		                pop         psw         ; restore A (the shifted multiplier)
    75  5    0439 15		                dcr         d           ; decrement counter and
    76 10    043A F2 2B 04	                jp          mltalg2_1   ; go do another round
    77  4    043D EB		                xchg                    ; DE <=> HL
    78 10    043E E1		                pop         hl          ; restore clobbered registers
    79 10    043F C1		                pop         bc          ; and return with the product
    80 10    0440 F1		                pop         psw         ; in DE
    81 10    0441 C9		                ret
    82
    83
    84
    85       			;
    86       			; The 8-bit multiplier and multiplicand are in
    87       			; registers D and E.  On exit, the pair DE
    88       			; has the (possibly) 16-bit product.
    89       			;
    90       			; This algorithm selects the minimum value as the
    91       			; multiplier, since that accelerates both the
    92       			; repeated addition and factors of 2.  If the
    93       			; muliplier is < 16, the repeated addition
    94       			; algorithm is used; otherwise, factors of 2 is
    95       			; employed.
    96       			;
    97 11    0442 F5		mltalg3:        push        psw         ; we'll clobber all registers
    98 11    0443 C5		                push        bc
    99 11    0444 E5		                push        hl
   100  5    0445 7A		                mov         a, d        ; A <- D
   101  4    0446 BB		                cmp         e
   102 10    0447 F2 4D 04	                jp          swap        ; D >= E
   103 10    044A DA 4F 04	                jc          choosealg   ; D < E
   104  5    044D 7B		swap:           mov         a, e        ; E is the smaller value
   105  5    044E 5A		                mov         e, d        ; swap D into E
   106       			                ;
   107       			                ; At this point the multipler is in A
   108       			                ; and the multiplicand is in E
   109  7    044F 16 00	choosealg:      mvi         d, 0h       ; DE contains the 16-bit
   110       			                                        ; multiplicand now
   111
   112  7    0451 26 00	                mvi         h, 0h       ; HL <- 0000h
   113  7    0453 2E 00	                mvi         l, 0h
   114  7    0455 FE 16	                cpi         ADDTHRESH   ; is our multiplier < 16?
   115 10    0457 F2 5D 04	                jp          fctr2       ; >= 16
   116 10    045A DA 7A 04	                jc          repaddalg   ; < 16 (when A has bit 7 set)
   117       			                
   118 11    045D F5		fctr2:          push        psw
   119  7    045E 3E 32	                mvi         a, '2'
   120 10    0460 D3 00	                out         0
   121 10    0462 F1		                pop         psw
   122  7    0463 06 08	                mvi         b, 8        ; now use D as our loop counter
   123  4    0465 1F		nextfactor:     rar                     ; A >> 1 -> carry
   124 10    0466 D2 6A 04	                jnc         rotmltplcnd ; do not add this factor
   125 10    0469 19		                dad         de          ; HL += DE
   126 11    046A F5		rotmltplcnd:    push        psw         ; save A
   127  4    046B AF		                xra         a           ; clear carry
   128  5    046C 7B		                mov         a, e
   129  4    046D 17		                ral                     ; carry <- E << 1
   130  5    046E 5F		                mov         e, a
   131  5    046F 7A		                mov         a, d
   132  4    0470 17		                ral                     ; D << 1 <- carry
   133  5    0471 57		                mov         d, a        ; thus, DE = DE * 2
   134 10    0472 F1		                pop         psw         ; restore A (the shifted multiplier)
   135  5    0473 05		                dcr         b           ; decrement counter and
   136 10    0474 F2 65 04	                jp          nextfactor  ; go do another round
   137 10    0477 C3 89 04	                jmp         mltplyexit
   138
   139 11    047A F5		repaddalg:      push        psw
   140  7    047B 3E 41	                mvi         a, 'A'
   141 10    047D D3 00	                out         0
   142 10    047F F1		                pop         psw
   143  5    0480 3C		                inr         a
   144  5    0481 3D		repaddnext:     dcr         a
   145 10    0482 CA 89 04	                jz          mltplyexit
   146 10    0485 19		                dad         de
   147 10    0486 C3 81 04	                jmp         repaddnext
   148       			                
   149  4    0489 EB		mltplyexit:     xchg                    ; DE <=> HL
   150 10    048A E1		                pop         hl          ; restore clobbered registers
   151 10    048B C1		                pop         bc          ; and return with the product
   152 10    048C F1		                pop         psw         ; in DE
   153 10    048D C9		                ret


*******************************************************************************
                                 Symbols table
*******************************************************************************

Names		Types	Values
-----		-----	------
ADDTHRESH	EQU	00016h
M1		EQU	000FFh
M2		EQU	000FFh
mltalg1		Label	00408h
mltalg1_1	Label	00412h
mltalg1_2	Label	0041Ah
mltalg2		Label	0041Eh
mltalg2_1	Label	0042Bh
mltalg2_2	Label	00430h
mltalg3		Label	00442h
swap		Label	0044Dh
choosealg	Label	0044Fh
fctr2		Label	0045Dh
nextfactor	Label	00465h
rotmltplcnd	Label	0046Ah
repaddalg	Label	0047Ah
repaddnext	Label	00481h
mltplyexit	Label	00489h

Statistics
----------
"Name"	= 0
"EQU"	= 3
"SET"	= 0
Labels	= 15


